{"type":"Program","body":[{"type":"VariableDeclaration","declarations":[{"type":"VariableDeclarator","id":{"type":"Identifier","name":"a","range":[4,5],"loc":{"start":{"line":1,"column":4},"end":{"line":1,"column":5}},"parent":"~body~0~declarations~0","depth":3,"startToken":{"type":"Identifier","value":"a","range":[4,5],"loc":{"start":{"line":1,"column":4},"end":{"line":1,"column":5}},"prev":{"value":" ","type":"WhiteSpace","range":[3,4],"loc":{"start":{"line":1,"column":3},"end":{"line":1,"column":4}},"prev":{"type":"Keyword","value":"var","range":[0,3],"loc":{"start":{"line":1,"column":0},"end":{"line":1,"column":3}},"next":"~body~0~declarations~0~id~startToken~prev","root":"~"},"next":"~body~0~declarations~0~id~startToken","root":"~"},"next":{"value":" ","type":"WhiteSpace","range":[5,6],"loc":{"start":{"line":1,"column":5},"end":{"line":1,"column":6}},"prev":"~body~0~declarations~0~id~startToken","next":{"type":"Punctuator","value":"=","range":[6,7],"loc":{"start":{"line":1,"column":6},"end":{"line":1,"column":7}},"prev":"~body~0~declarations~0~id~startToken~next","next":{"value":" ","type":"WhiteSpace","range":[7,8],"loc":{"start":{"line":1,"column":7},"end":{"line":1,"column":8}},"prev":"~body~0~declarations~0~id~startToken~next~next","next":{"type":"Numeric","value":"50","range":[8,10],"loc":{"start":{"line":1,"column":8},"end":{"line":1,"column":10}},"prev":"~body~0~declarations~0~id~startToken~next~next~next","next":{"type":"Punctuator","value":";","range":[10,11],"loc":{"start":{"line":1,"column":10},"end":{"line":1,"column":11}},"prev":"~body~0~declarations~0~id~startToken~next~next~next~next","next":{"value":"\n","type":"LineBreak","range":[11,12],"loc":{"start":{"line":1,"column":11},"end":{"line":1,"column":12}},"prev":"~body~0~declarations~0~id~startToken~next~next~next~next~next","next":{"type":"Keyword","value":"var","range":[12,15],"loc":{"start":{"line":2,"column":0},"end":{"line":2,"column":3}},"prev":"~body~0~declarations~0~id~startToken~next~next~next~next~next~next","next":{"value":" ","type":"WhiteSpace","range":[15,16],"loc":{"start":{"line":2,"column":3},"end":{"line":2,"column":4}},"prev":"~body~0~declarations~0~id~startToken~next~next~next~next~next~next~next","next":{"type":"Identifier","value":"b","range":[16,17],"loc":{"start":{"line":2,"column":4},"end":{"line":2,"column":5}},"prev":"~body~0~declarations~0~id~startToken~next~next~next~next~next~next~next~next","next":{"value":" ","type":"WhiteSpace","range":[17,18],"loc":{"start":{"line":2,"column":5},"end":{"line":2,"column":6}},"prev":"~body~0~declarations~0~id~startToken~next~next~next~next~next~next~next~next~next","next":{"type":"Punctuator","value":"=","range":[18,19],"loc":{"start":{"line":2,"column":6},"end":{"line":2,"column":7}},"prev":"~body~0~declarations~0~id~startToken~next~next~next~next~next~next~next~next~next~next","next":{"value":" ","type":"WhiteSpace","range":[19,20],"loc":{"start":{"line":2,"column":7},"end":{"line":2,"column":8}},"prev":"~body~0~declarations~0~id~startToken~next~next~next~next~next~next~next~next~next~next~next","next":{"type":"Numeric","value":"100","range":[20,23],"loc":{"start":{"line":2,"column":8},"end":{"line":2,"column":11}},"prev":"~body~0~declarations~0~id~startToken~next~next~next~next~next~next~next~next~next~next~next~next","next":{"type":"Punctuator","value":";","range":[23,24],"loc":{"start":{"line":2,"column":11},"end":{"line":2,"column":12}},"prev":"~body~0~declarations~0~id~startToken~next~next~next~next~next~next~next~next~next~next~next~next~next","root":"~"},"root":"~"},"root":"~"},"root":"~"},"root":"~"},"root":"~"},"root":"~"},"root":"~"},"root":"~"},"root":"~"},"root":"~"},"root":"~"},"root":"~"},"root":"~"},"root":"~"},"endToken":"~body~0~declarations~0~id~startToken"},"init":{"type":"Literal","value":50,"range":[8,10],"loc":{"start":{"line":1,"column":8},"end":{"line":1,"column":10}},"parent":"~body~0~declarations~0","depth":3,"startToken":"~body~0~declarations~0~id~startToken~next~next~next~next","endToken":"~body~0~declarations~0~id~startToken~next~next~next~next"},"range":[4,10],"loc":{"start":{"line":1,"column":4},"end":{"line":1,"column":10}},"parent":"~body~0","depth":2,"startToken":"~body~0~declarations~0~id~startToken","endToken":"~body~0~declarations~0~id~startToken~next~next~next~next"}],"kind":"var","range":[0,11],"loc":{"start":{"line":1,"column":0},"end":{"line":1,"column":11}},"parent":"~","next":{"type":"VariableDeclaration","declarations":[{"type":"VariableDeclarator","id":{"type":"Identifier","name":"b","range":[16,17],"loc":{"start":{"line":2,"column":4},"end":{"line":2,"column":5}},"parent":"~body~0~next~declarations~0","depth":3,"startToken":"~body~0~declarations~0~id~startToken~next~next~next~next~next~next~next~next~next","endToken":"~body~0~declarations~0~id~startToken~next~next~next~next~next~next~next~next~next"},"init":{"type":"Literal","value":100,"range":[20,23],"loc":{"start":{"line":2,"column":8},"end":{"line":2,"column":11}},"parent":"~body~0~next~declarations~0","depth":3,"startToken":"~body~0~declarations~0~id~startToken~next~next~next~next~next~next~next~next~next~next~next~next~next","endToken":"~body~0~declarations~0~id~startToken~next~next~next~next~next~next~next~next~next~next~next~next~next"},"range":[16,23],"loc":{"start":{"line":2,"column":4},"end":{"line":2,"column":11}},"parent":"~body~0~next","depth":2,"startToken":"~body~0~declarations~0~id~startToken~next~next~next~next~next~next~next~next~next","endToken":"~body~0~declarations~0~id~startToken~next~next~next~next~next~next~next~next~next~next~next~next~next"}],"kind":"var","range":[12,24],"loc":{"start":{"line":2,"column":0},"end":{"line":2,"column":12}},"parent":"~","prev":"~body~0","depth":1,"startToken":"~body~0~declarations~0~id~startToken~next~next~next~next~next~next~next","endToken":"~body~0~declarations~0~id~startToken~next~next~next~next~next~next~next~next~next~next~next~next~next~next"},"depth":1,"startToken":"~body~0~declarations~0~id~startToken~prev~prev","endToken":"~body~0~declarations~0~id~startToken~next~next~next~next~next"},"~body~0~next"],"range":[0,24],"loc":{"start":{"line":0,"column":0},"end":{"line":2,"column":12}},"comments":[],"tokens":["~body~0~declarations~0~id~startToken~prev~prev","~body~0~declarations~0~id~startToken~prev","~body~0~declarations~0~id~startToken","~body~0~declarations~0~id~startToken~next","~body~0~declarations~0~id~startToken~next~next","~body~0~declarations~0~id~startToken~next~next~next","~body~0~declarations~0~id~startToken~next~next~next~next","~body~0~declarations~0~id~startToken~next~next~next~next~next","~body~0~declarations~0~id~startToken~next~next~next~next~next~next","~body~0~declarations~0~id~startToken~next~next~next~next~next~next~next","~body~0~declarations~0~id~startToken~next~next~next~next~next~next~next~next","~body~0~declarations~0~id~startToken~next~next~next~next~next~next~next~next~next","~body~0~declarations~0~id~startToken~next~next~next~next~next~next~next~next~next~next","~body~0~declarations~0~id~startToken~next~next~next~next~next~next~next~next~next~next~next","~body~0~declarations~0~id~startToken~next~next~next~next~next~next~next~next~next~next~next~next","~body~0~declarations~0~id~startToken~next~next~next~next~next~next~next~next~next~next~next~next~next","~body~0~declarations~0~id~startToken~next~next~next~next~next~next~next~next~next~next~next~next~next~next"],"depth":0,"startToken":"~body~0~declarations~0~id~startToken~prev~prev","endToken":"~body~0~declarations~0~id~startToken~next~next~next~next~next~next~next~next~next~next~next~next~next~next"}